runTacticMustCatchExceptions.lean:4:25-4:28: error: Tactic `rfl` failed: The left-hand side
  1
is not definitionally equal to the right-hand side
  a + b

a b : Nat
⊢ 1 ≤ a + b
runTacticMustCatchExceptions.lean:5:25-5:28: error: Tactic `rfl` failed: The left-hand side
  a + b
is not definitionally equal to the right-hand side
  b

a b : Nat
this : 1 ≤ a + b
⊢ a + b ≤ b
runTacticMustCatchExceptions.lean:6:25-6:28: error: Tactic `rfl` failed: The left-hand side
  b
is not definitionally equal to the right-hand side
  2

a b : Nat
this✝ : 1 ≤ a + b
this : a + b ≤ b
⊢ b ≤ 2
runTacticMustCatchExceptions.lean:11:18-11:21: error: Tactic `rfl` failed: The left-hand side
  1
is not definitionally equal to the right-hand side
  a + b

a b : Nat
⊢ 1 ≤ a + b
runTacticMustCatchExceptions.lean:12:14-12:17: error: Tactic `rfl` failed: The left-hand side
  a + b
is not definitionally equal to the right-hand side
  b

a b : Nat
⊢ a + b ≤ b
runTacticMustCatchExceptions.lean:13:14-13:17: error: Tactic `rfl` failed: The left-hand side
  b
is not definitionally equal to the right-hand side
  2

a b : Nat
⊢ b ≤ 2
